---
source: crates/bevy-markdown/src/lib.rs
assertion_line: 212
expression: node.link_sections.clone()
---
[
    None,
    None,
    None,
    None,
    None,
    None,
    None,
    None,
    Some(
        "https://example.com",
    ),
]
