---
source: crates/bevy-markdown/src/lib.rs
expression: node.link_sections.clone()
---
[
    None,
    None,
    None,
    None,
]
